* using log directory ‘/home/f80851122/projects/derappp/derappp.Rcheck’
* using R version 4.6.1 (2026-06-24)
* using platform: x86_64-pc-linux-gnu
* R was compiled by
    gcc (Ubuntu 13.3.0-6ubuntu2~24.04.1) 13.3.0
    GNU Fortran (Ubuntu 13.3.0-6ubuntu2~24.04.1) 13.3.0
* running under: Ubuntu 24.04.4 LTS
* using session charset: UTF-8
* current time: 2026-08-24 07:57:53 UTC
* using options ‘--no-tests --as-cran’
* checking for file ‘derappp/DESCRIPTION’ ... OK
* checking extension type ... Package
* this is package ‘derappp’ version ‘0.9.3’
* package encoding: UTF-8
* checking CRAN incoming feasibility ... OK
* checking package namespace information ... OK
* checking package dependencies ... ERROR
Package required and available but unsuitable version: ‘DiagrammeR’

See section ‘The DESCRIPTION file’ in the ‘Writing R Extensions’
manual.
* DONE

Status: 1 ERROR
See
  ‘/home/f80851122/projects/derappp/derappp.Rcheck/00check.log’
for details.

